// Jest Snapshot v1, https://goo.gl/fbAQLP

exports[`button component matches the snapshot 1`] = `
<button>
   Nothing to do for now 
</button>
`;
